==================================================================
 P115 diag: runs=P115_AP3_croponly_views4_800ep_seed0,P115_AP3_jitteronly_views4_800ep_seed0,P115_simclr_croponly_views4_800ep_seed0,P115_simclr_jitteronly_views4_800ep_seed0 out=/home/infres/yinwang/CS_QMI/outputs/P115_diag_results extra= gate=0
 host=nodecpu11 job=1020582 partition=CPU gpus=NA start=2026-10-04T06:49:36Z
 commit=613df8a dirty=13
==================================================================
[P115_AP3_croponly_views4_800ep_seed0] epoch_020.pt: 854s  L -0.7187  share(iou<0.1) 0.2865506126997357  cancel 0.682
[P115_AP3_croponly_views4_800ep_seed0] epoch_100.pt: 851s  L -0.7867  share(iou<0.1) 0.32913625195167356  cancel 0.660
[P115_AP3_croponly_views4_800ep_seed0] epoch_400.pt: 852s  L -0.8283  share(iou<0.1) 0.15081298670737597  cancel 0.645
[P115_AP3_croponly_views4_800ep_seed0] epoch_800.pt: 867s  L -0.8437  share(iou<0.1) 0.5574462446458732  cancel 0.623
-> /home/infres/yinwang/CS_QMI/outputs/P115_diag_results/P115_AP3_croponly_views4_800ep_seed0.json
[P115_AP3_jitteronly_views4_800ep_seed0] epoch_020.pt: 868s  L -0.7798  share(iou<0.1) 0.07348684277446949  cancel 0.758
[P115_AP3_jitteronly_views4_800ep_seed0] epoch_100.pt: 861s  L -0.8462  share(iou<0.1) 0.07485822103204424  cancel 0.856
[P115_AP3_jitteronly_views4_800ep_seed0] epoch_400.pt: 863s  L -0.8810  share(iou<0.1) 0.2728515153745913  cancel 0.777
[P115_AP3_jitteronly_views4_800ep_seed0] epoch_800.pt: 859s  L -0.8908  share(iou<0.1) 0.08195370436174165  cancel 0.633
-> /home/infres/yinwang/CS_QMI/outputs/P115_diag_results/P115_AP3_jitteronly_views4_800ep_seed0.json
[P115_simclr_croponly_views4_800ep_seed0] epoch_020.pt: 859s  L 2.9929  share(iou<0.1) 0.16044793619896602  cancel 0.866
[P115_simclr_croponly_views4_800ep_seed0] epoch_100.pt: 864s  L 2.5911  share(iou<0.1) 0.0210002909391713  cancel 0.870
[P115_simclr_croponly_views4_800ep_seed0] epoch_400.pt: 861s  L 2.3536  share(iou<0.1) 0.2353463194870659  cancel 0.744
[P115_simclr_croponly_views4_800ep_seed0] epoch_800.pt: 859s  L 2.2639  share(iou<0.1) 0.23246215647467916  cancel 0.774
-> /home/infres/yinwang/CS_QMI/outputs/P115_diag_results/P115_simclr_croponly_views4_800ep_seed0.json
[P115_simclr_jitteronly_views4_800ep_seed0] epoch_020.pt: 865s  L 2.7442  share(iou<0.1) 0.02754226632891313  cancel 0.833
[P115_simclr_jitteronly_views4_800ep_seed0] epoch_100.pt: 858s  L 2.2919  share(iou<0.1) 0.049917674088918285  cancel 0.899
[P115_simclr_jitteronly_views4_800ep_seed0] epoch_400.pt: 858s  L 2.0474  share(iou<0.1) 0.02464046669458701  cancel 0.772
[P115_simclr_jitteronly_views4_800ep_seed0] epoch_800.pt: 861s  L 1.9613  share(iou<0.1) -0.0015773369851670403  cancel 0.684
-> /home/infres/yinwang/CS_QMI/outputs/P115_diag_results/P115_simclr_jitteronly_views4_800ep_seed0.json
exit=0 end=2026-10-04T10:39:24Z
